Microchip MPLAB XC8 Compiler V1.44 ()

Linker command line:

-W-3 --edf=C:\Program Files (x86)\Microchip\xc8\v1.44\dat\en_msgs.txt -cs \
  -h+dist/default/production\timer13.X.production.sym \
  --cmf=dist/default/production\timer13.X.production.cmf -z -Q16F887 \
  -oC:\Users\intel\AppData\Local\Temp\s29g.2 \
  -Mdist/default/production/timer13.X.production.map -E1 -ver=XC8 \
  -ASTACK=0110h-016fh -pstack=STACK -ACODE=00h-07FFhx4 -ASTRCODE=00h-01FFFh \
  -ASTRING=00h-0FFhx32 -ACONST=00h-0FFhx32 -AENTRY=00h-0FFhx32 \
  -ACOMMON=070h-07Fh -ABANK0=020h-06Fh -ABANK1=0A0h-0EFh \
  -ABANK2=0110h-016Fh -ABANK3=0190h-01EFh \
  -ARAM=020h-06Fh,0A0h-0EFh,0110h-016Fh,0190h-01EFh \
  -AABS1=020h-07Fh,0A0h-0EFh,0110h-016Fh,0190h-01EFh -ASFR0=00h-01Fh \
  -ASFR1=080h-09Fh -ASFR2=0100h-010Fh -ASFR3=0180h-018Fh \
  -preset_vec=00h,intentry,init,end_init -ppowerup=CODE -pcinit=CODE \
  -pfunctab=ENTRY -ACONFIG=02007h-02008h -pconfig=CONFIG -DCONFIG=2 \
  -AIDLOC=02000h-02003h -pidloc=IDLOC -DIDLOC=2 -AEEDATA=00h-0FFh/02100h \
  -peeprom_data=EEDATA -DEEDATA=2 -DCODE=2 -DSTRCODE=2 -DSTRING=2 -DCONST=2 \
  -DENTRY=2 -k C:\Users\intel\AppData\Local\Temp\s29g.obj \
  dist/default/production\timer13.X.production.obj 

Object code version is 3.11

Machine type is 16F887



                Name                               Link     Load   Length Selector   Space Scale
C:\Users\intel\AppData\Local\Temp\s29g.obj
                end_init                              0        0        3        0       0
dist/default/production\timer13.X.production.obj
                cinit                               7D3      7D3       2D      FA6       0
                text33                             1567     1567        D     2ACE       0
                text32                             15A7     15A7       17     2B4E       0
                text31                             155D     155D        A     2ABA       0
                text30                             162D     162D       3E     2C5A       0
                text29                             15BE     15BE       17     2B7C       0
                text28                             15F1     15F1       3C     2BE2       0
                text27                              80B      80B       2E     1016       0
                text26                              800      800        B      FA6       0
                text25                             15D5     15D5       1C     2BAA       0
                text24                             17A2     17A2       5E     2F44       0
                text23                                9        9       32       12       0
                text22                               3B       3B       9D       76       0
                text21                             16AD     16AD       4A     2D5A       0
                text20                              839      839       65     1072       0
                text19                               D8       D8      10A      1B0       0
                text18                              89E      89E       65     113C       0
                text17                              C44      C44       ED     1888       0
                text16                              903      903       65     1206       0
                text15                              3F6      3F6      112      7EC       0
                text14                              968      968       65     12D0       0
                text13                              D31      D31       ED     1A62       0
                text12                              9CD      9CD       65     139A       0
                text11                              1E2      1E2      10A      3C4       0
                text10                              A32      A32       65     1464       0
                text9                               F0B      F0B       F5     1E16       0
                text8                               A97      A97       65     152E       0
                text7                               2EC      2EC      10A      5D8       0
                text6                               AFC      AFC       65     15F8       0
                text5                               E1E      E1E       ED     1C3C       0
                text4                               508      508      2CB      A10       0
                text3                              16F7     16F7       50     2DEE       0
                text2                               B61      B61       E3     16C2       0
                text1                              1747     1747       5B     2E8E       0
                maintext                           166B     166B       42     2CD6       0
                cstackBANK0                          42       42       20       20       1
                cstackCOMMON                         70       70        E       70       1
                clrtext                            1555     1555        8     2AAA       0
                inittext                           1582     1582       11     2B04       0
                dataBANK1                            A0       A0       14       A0       1
                bssBANK1                             B4       B4        8       A0       1
                dataBANK0                            62       62        E       20       1
                bssBANK0                             20       20       22       20       1
                strings                            1000     1000       46     2000       0
                idataBANK1                         1593     1593       14     2B26       0
                idataBANK0                         1574     1574        E     2AE8       0

TOTAL           Name                               Link     Load   Length     Space
        CLASS   STACK          

        CLASS   CODE           
                end_init                              0        0        3         0
                cinit                               7D3      7D3       2D         0
                text33                             1567     1567        D         0
                text32                             15A7     15A7       17         0
                text31                             155D     155D        A         0
                text30                             162D     162D       3E         0
                text29                             15BE     15BE       17         0
                text28                             15F1     15F1       3C         0
                text27                              80B      80B       2E         0
                text26                              800      800        B         0
                text25                             15D5     15D5       1C         0
                text24                             17A2     17A2       5E         0
                text23                                9        9       32         0
                text22                               3B       3B       9D         0
                text21                             16AD     16AD       4A         0
                text20                              839      839       65         0
                text19                               D8       D8      10A         0
                text18                              89E      89E       65         0
                text17                              C44      C44       ED         0
                text16                              903      903       65         0
                text15                              3F6      3F6      112         0
                text14                              968      968       65         0
                text13                              D31      D31       ED         0
                text12                              9CD      9CD       65         0
                text11                              1E2      1E2      10A         0
                text10                              A32      A32       65         0
                text9                               F0B      F0B       F5         0
                text8                               A97      A97       65         0
                text7                               2EC      2EC      10A         0
                text6                               AFC      AFC       65         0
                text5                               E1E      E1E       ED         0
                text4                               508      508      2CB         0
                text3                              16F7     16F7       50         0
                text2                               B61      B61       E3         0
                text1                              1747     1747       5B         0
                maintext                           166B     166B       42         0
                clrtext                            1555     1555        8         0
                inittext                           1582     1582       11         0
                idataBANK1                         1593     1593       14         0
                idataBANK0                         1574     1574        E         0

        CLASS   STRCODE        

        CLASS   STRING         
                strings                            1000     1000       46         0

        CLASS   CONST          

        CLASS   ENTRY          

        CLASS   COMMON         
                cstackCOMMON                         70       70        E         1

        CLASS   BANK0          
                cstackBANK0                          42       42       20         1
                dataBANK0                            62       62        E         1
                bssBANK0                             20       20       22         1

        CLASS   BANK1          
                dataBANK1                            A0       A0       14         1
                bssBANK1                             B4       B4        8         1

        CLASS   BANK2          

        CLASS   BANK3          

        CLASS   RAM            

        CLASS   ABS1           
                abs_s1                               7E       7E        2         1

        CLASS   SFR0           

        CLASS   SFR1           

        CLASS   SFR2           

        CLASS   SFR3           

        CLASS   CONFIG         

        CLASS   IDLOC          

        CLASS   EEDATA         



SEGMENTS        Name                           Load    Length   Top    Selector   Space  Class     Delta

                reset_vec                      000000  000003  000003         0       0  CODE        2
                text23                         000009  000032  00003B        12       0  CODE        2
                bssBANK0                       000020  000050  000070        20       1  BANK0       1
                cstackCOMMON                   000070  00000E  00007E        70       1  COMMON      1
                text22                         00003B  00009D  0000D8        76       0  CODE        2
                dataBANK1                      0000A0  00001C  0000BC        A0       1  BANK1       1
                text19                         0000D8  00010A  0001E2       1B0       0  CODE        2
                text11                         0001E2  00010A  0002EC       3C4       0  CODE        2
                text7                          0002EC  00010A  0003F6       5D8       0  CODE        2
                text15                         0003F6  000112  000508       7EC       0  CODE        2
                text4                          000508  0002CB  0007D3       A10       0  CODE        2
                cinit                          0007D3  000038  00080B       FA6       0  CODE        2
                text27                         00080B  00002E  000839      1016       0  CODE        2
                text20                         000839  000065  00089E      1072       0  CODE        2
                text18                         00089E  000065  000903      113C       0  CODE        2
                text16                         000903  000065  000968      1206       0  CODE        2
                text14                         000968  000065  0009CD      12D0       0  CODE        2
                text12                         0009CD  000065  000A32      139A       0  CODE        2
                text10                         000A32  000065  000A97      1464       0  CODE        2
                text8                          000A97  000065  000AFC      152E       0  CODE        2
                text6                          000AFC  000065  000B61      15F8       0  CODE        2
                text2                          000B61  0000E3  000C44      16C2       0  CODE        2
                text17                         000C44  0000ED  000D31      1888       0  CODE        2
                text13                         000D31  0000ED  000E1E      1A62       0  CODE        2
                text5                          000E1E  0000ED  000F0B      1C3C       0  CODE        2
                text9                          000F0B  0000F5  001000      1E16       0  CODE        2
                strings                        001000  000046  001046      2000       0  STRING      2
                clrtext                        001555  000008  00155D      2AAA       0  CODE        2
                text31                         00155D  00000A  001567      2ABA       0  CODE        2
                text33                         001567  00000D  001574      2ACE       0  CODE        2
                idataBANK0                     001574  00000E  001582      2AE8       0  CODE        2
                inittext                       001582  000011  001593      2B04       0  CODE        2
                idataBANK1                     001593  000014  0015A7      2B26       0  CODE        2
                text32                         0015A7  000017  0015BE      2B4E       0  CODE        2
                text29                         0015BE  000017  0015D5      2B7C       0  CODE        2
                text25                         0015D5  00001C  0015F1      2BAA       0  CODE        2
                text28                         0015F1  00003C  00162D      2BE2       0  CODE        2
                text30                         00162D  00003E  00166B      2C5A       0  CODE        2
                maintext                       00166B  000042  0016AD      2CD6       0  CODE        2
                text21                         0016AD  00004A  0016F7      2D5A       0  CODE        2
                text3                          0016F7  000050  001747      2DEE       0  CODE        2
                text1                          001747  00005B  0017A2      2E8E       0  CODE        2
                text24                         0017A2  00005E  001800      2F44       0  CODE        2


UNUSED ADDRESS RANGES

        Name                Unused          Largest block    Delta
        BANK1            00BC-00EF             34           1
        BANK2            0110-016F             60           1
        BANK3            0190-01EF             60           1
        CODE             0003-0008              6           2
                         1046-1554            50F
                         1800-1FFF            800
        CONFIG           2007-2008              2           2
        CONST            0003-0008              6           2
                         1046-1554            100
                         1800-1FFF            100
        EEDATA           2100-21FF            100           2
        ENTRY            0003-0008              6           2
                         1046-1554            100
                         1800-1FFF            100
        IDLOC            2000-2003              4           2
        RAM              00BC-00EF             34           1
                         0110-016F             60
                         0190-01EF             60
        SFR0             0000-001F             20           1
        SFR1             0080-009F             20           1
        SFR2             0100-010F             10           1
        SFR3             0180-018F             10           1
        STACK            0110-016F             60           1
        STRCODE          0003-0008              6           2
                         1046-1554            50F
                         1800-1FFF            800
        STRING           0003-0008              6           2
                         1046-1554            100
                         1800-1FFF            100

                                  Symbol Table

?___lldiv                               cstackCOMMON 0070
?___lwdiv                               cstackCOMMON 0070
?___lwmod                               cstackCOMMON 0070
Data_2Digit_Num_Disp@F1759              dataBANK1    00A0
Data_3Digit_Num_Disp_LCD@F1749          dataBANK1    00AA
Data_3Digit_Num_Disp_LCD@data_int       cstackBANK0  0042
Data_3Digit_Num_Disp_LCD@hundreds_digit cstackBANK0  0052
Data_3Digit_Num_Disp_LCD@num            cstackBANK0  0058
Data_3Digit_Num_Disp_LCD@num_data       cstackBANK0  0048
Data_3Digit_Num_Disp_LCD@tens_digit     cstackBANK0  0054
Data_3Digit_Num_Disp_LCD@unit_digit     cstackBANK0  0056
Data_Str_Disp_LCD@char_ptr              cstackCOMMON 0074
Goto_XY_LCD_Disp@col_lcd                cstackCOMMON 0078
Goto_XY_LCD_Disp@col_num                cstackCOMMON 0076
Goto_XY_LCD_Disp@line_lcd               cstackCOMMON 007A
Goto_XY_LCD_Disp@line_num               cstackCOMMON 0074
Traffic_Init@traffic_fsm_init           cstackBANK0  0060
Write_LCD_Command@cmd                   cstackCOMMON 0072
Write_LCD_Data@ch                       cstackCOMMON 0072
_ANSEL                                  (abs)        0188
_ANSELH                                 (abs)        0189
_Data_3Digit_Num_Disp_LCD               text22       003B
_Data_Str_Disp_LCD                      text25       15D5
_E_Go_Fsm_Proc                          text20       0839
_E_Wait_Fsm_Proc                        text18       089E
_Goto_XY_LCD_Disp                       text21       16AD
_LCD_Const_Disp                         text2        0B61
_LCD_Init                               text30       162D
_LCD_Pulse                              text32       15A7
_N_Go_Fsm_Proc                          text16       0903
_N_Wait_Fsm_Proc                        text14       0968
_PORTA                                  (abs)        0005
_PORTB                                  (abs)        0006
_PORTC                                  (abs)        0007
_PORTD                                  (abs)        0008
_PORTE                                  (abs)        0009
_Prescale_Timer1_Calc                   text29       15BE
_RB0                                    (abs)        0030
_RB1                                    (abs)        0031
_RB2                                    (abs)        0032
_RB3                                    (abs)        0033
_RB4                                    (abs)        0034
_RB5                                    (abs)        0035
_RB6                                    (abs)        0036
_RB7                                    (abs)        0037
_RE0                                    (abs)        0048
_RE1                                    (abs)        0049
_RE2                                    (abs)        004A
_Run_Timer1                             text27       080B
_S_Go_Fsm_Proc                          text12       09CD
_S_Wait_Fsm_Proc                        text10       0A32
_Startup_E_Go_Fsm_Proc                  text19       00D8
_Startup_E_Wait_Fsm_Proc                text17       0C44
_Startup_N_Go_Fsm_Proc                  text15       03F6
_Startup_N_Wait_Fsm_Proc                text13       0D31
_Startup_S_Go_Fsm_Proc                  text11       01E2
_Startup_S_Wait_Fsm_Proc                text9        0F0B
_Startup_W_Go_Fsm_Proc                  text7        02EC
_Startup_W_Wait_Fsm_Proc                text5        0E1E
_T1CKPS0                                (abs)        0084
_T1CKPS1                                (abs)        0085
_T1CON                                  (abs)        0010
_TMR1H                                  (abs)        000F
_TMR1IF                                 (abs)        0060
_TMR1L                                  (abs)        000E
_TRISA                                  (abs)        0085
_TRISB                                  (abs)        0086
_TRISC                                  (abs)        0087
_TRISD                                  (abs)        0088
_TRISE                                  (abs)        0089
_Timer1_Tick                            text3        16F7
_Traffic_Fsm                            text4        0508
_Traffic_Init                           text1        1747
_W_Go_Fsm_Proc                          text8        0A97
_W_Wait_Fsm_Proc                        text6        0AFC
_Write_LCD_Command                      text31       155D
_Write_LCD_Data                         text26       0800
__Habs1                                 abs1         0000
__Hbank0                                bank0        0000
__Hbank1                                bank1        0000
__Hbank2                                bank2        0000
__Hbank3                                bank3        0000
__HbssBANK0                             bssBANK0     0000
__HbssBANK1                             bssBANK1     0000
__Hcinit                                cinit        0800
__Hclrtext                              clrtext      0000
__Hcode                                 code         0000
__Hcommon                               common       0000
__Hconfig                               config       0000
__HcstackBANK0                          cstackBANK0  0000
__HcstackCOMMON                         cstackCOMMON 0000
__HdataBANK0                            dataBANK0    0000
__HdataBANK1                            dataBANK1    0000
__Heeprom_data                          eeprom_data  0000
__Hend_init                             end_init     0003
__Hfunctab                              functab      0000
__HidataBANK0                           idataBANK0   0000
__HidataBANK1                           idataBANK1   0000
__Hidloc                                idloc        0000
__Hinit                                 init         0000
__Hinittext                             inittext     0000
__Hintentry                             intentry     0000
__Hmaintext                             maintext     0000
__Hpowerup                              powerup      0000
__Hram                                  ram          0000
__Hreset_vec                            reset_vec    0000
__Hsfr0                                 sfr0         0000
__Hsfr1                                 sfr1         0000
__Hsfr2                                 sfr2         0000
__Hsfr3                                 sfr3         0000
__Hspace_0                              (abs)        1800
__Hspace_1                              (abs)        00BC
__Hspace_2                              (abs)        0000
__Hspace_3                              (abs)        0000
__Hstack                                stack        0000
__Hstrings                              strings      0000
__Htext                                 text         0000
__Labs1                                 abs1         0000
__Lbank0                                bank0        0000
__Lbank1                                bank1        0000
__Lbank2                                bank2        0000
__Lbank3                                bank3        0000
__LbssBANK0                             bssBANK0     0000
__LbssBANK1                             bssBANK1     0000
__Lcinit                                cinit        07D3
__Lclrtext                              clrtext      0000
__Lcode                                 code         0000
__Lcommon                               common       0000
__Lconfig                               config       0000
__LcstackBANK0                          cstackBANK0  0000
__LcstackCOMMON                         cstackCOMMON 0000
__LdataBANK0                            dataBANK0    0000
__LdataBANK1                            dataBANK1    0000
__Leeprom_data                          eeprom_data  0000
__Lend_init                             end_init     0000
__Lfunctab                              functab      0000
__LidataBANK0                           idataBANK0   0000
__LidataBANK1                           idataBANK1   0000
__Lidloc                                idloc        0000
__Linit                                 init         0000
__Linittext                             inittext     0000
__Lintentry                             intentry     0000
__Lmaintext                             maintext     0000
__Lpowerup                              powerup      0000
__Lram                                  ram          0000
__Lreset_vec                            reset_vec    0000
__Lsfr0                                 sfr0         0000
__Lsfr1                                 sfr1         0000
__Lsfr2                                 sfr2         0000
__Lsfr3                                 sfr3         0000
__Lspace_0                              (abs)        0000
__Lspace_1                              (abs)        0000
__Lspace_2                              (abs)        0000
__Lspace_3                              (abs)        0000
__Lstack                                stack        0000
__Lstrings                              strings      0000
__Ltext                                 text         0000
__S0                                    (abs)        1800
__S1                                    (abs)        00BC
__S2                                    (abs)        0000
__S3                                    (abs)        0000
___int_sp                               stack        0000
___latbits                              (abs)        0002
___lldiv                                text24       17A2
___lldiv@counter                        cstackCOMMON 007D
___lldiv@dividend                       cstackCOMMON 0074
___lldiv@divisor                        cstackCOMMON 0070
___lldiv@quotient                       cstackCOMMON 0079
___lwdiv                                text28       15F1
___lwdiv@counter                        cstackCOMMON 0077
___lwdiv@dividend                       cstackCOMMON 0072
___lwdiv@divisor                        cstackCOMMON 0070
___lwdiv@quotient                       cstackCOMMON 0075
___lwmod                                text23       0009
___lwmod@counter                        cstackCOMMON 0075
___lwmod@dividend                       cstackCOMMON 0072
___lwmod@divisor                        cstackCOMMON 0070
___sp                                   stack        0000
__end_of_Data_3Digit_Num_Disp_LCD       text22       00D8
__end_of_Data_Str_Disp_LCD              text25       15F1
__end_of_E_Go_Fsm_Proc                  text20       089E
__end_of_E_Wait_Fsm_Proc                text18       0903
__end_of_Goto_XY_LCD_Disp               text21       16F7
__end_of_LCD_Const_Disp                 text2        0C44
__end_of_LCD_Init                       text30       166B
__end_of_LCD_Pulse                      text32       15BE
__end_of_N_Go_Fsm_Proc                  text16       0968
__end_of_N_Wait_Fsm_Proc                text14       09CD
__end_of_Prescale_Timer1_Calc           text29       15D5
__end_of_Run_Timer1                     text27       0839
__end_of_S_Go_Fsm_Proc                  text12       0A32
__end_of_S_Wait_Fsm_Proc                text10       0A97
__end_of_Startup_E_Go_Fsm_Proc          text19       01E2
__end_of_Startup_E_Wait_Fsm_Proc        text17       0D31
__end_of_Startup_N_Go_Fsm_Proc          text15       0508
__end_of_Startup_N_Wait_Fsm_Proc        text13       0E1E
__end_of_Startup_S_Go_Fsm_Proc          text11       02EC
__end_of_Startup_S_Wait_Fsm_Proc        text9        1000
__end_of_Startup_W_Go_Fsm_Proc          text7        03F6
__end_of_Startup_W_Wait_Fsm_Proc        text5        0F0B
__end_of_Timer1_Tick                    text3        1747
__end_of_Traffic_Fsm                    text4        07D3
__end_of_Traffic_Init                   text1        17A2
__end_of_W_Go_Fsm_Proc                  text8        0AFC
__end_of_W_Wait_Fsm_Proc                text6        0B61
__end_of_Write_LCD_Command              text31       1567
__end_of_Write_LCD_Data                 text26       080B
__end_of___lldiv                        text24       1800
__end_of___lwdiv                        text28       162D
__end_of___lwmod                        text23       003B
__end_of__initialization                cinit        07FC
__end_of__stringtab                     strings      1006
__end_of_blank_traffic_disp             strings      1036
__end_of_delay_time                     text33       1574
__end_of_east_disp                      strings      1046
__end_of_error_traffic_disp             strings      1038
__end_of_green_disp                     strings      1024
__end_of_green_right_disp               strings      100E
__end_of_led_off_disp                   strings      1012
__end_of_led_on_disp                    strings      1031
__end_of_level0_traffic_disp            strings      103E
__end_of_level1_traffic_disp            strings      103C
__end_of_level2_traffic_disp            strings      103A
__end_of_main                           maintext     16AD
__end_of_north_disp                     strings      1042
__end_of_red_disp                       strings      102D
__end_of_secs_disp                      strings      1034
__end_of_south_disp                     strings      1040
__end_of_west_disp                      strings      1044
__end_of_yellow_disp                    strings      101B
__initialization                        cinit        07D3
__pbssBANK0                             bssBANK0     0020
__pbssBANK1                             bssBANK1     00B4
__pcstackBANK0                          cstackBANK0  0042
__pcstackCOMMON                         cstackCOMMON 0070
__pdataBANK0                            dataBANK0    0062
__pdataBANK1                            dataBANK1    00A0
__pidataBANK0                           idataBANK0   1574
__pidataBANK1                           idataBANK1   1593
__pmaintext                             maintext     166B
__pstrings                              strings      1000
__ptext1                                text1        1747
__ptext10                               text10       0A32
__ptext11                               text11       01E2
__ptext12                               text12       09CD
__ptext13                               text13       0D31
__ptext14                               text14       0968
__ptext15                               text15       03F6
__ptext16                               text16       0903
__ptext17                               text17       0C44
__ptext18                               text18       089E
__ptext19                               text19       00D8
__ptext2                                text2        0B61
__ptext20                               text20       0839
__ptext21                               text21       16AD
__ptext22                               text22       003B
__ptext23                               text23       0009
__ptext24                               text24       17A2
__ptext25                               text25       15D5
__ptext26                               text26       0800
__ptext27                               text27       080B
__ptext28                               text28       15F1
__ptext29                               text29       15BE
__ptext3                                text3        16F7
__ptext30                               text30       162D
__ptext31                               text31       155D
__ptext32                               text32       15A7
__ptext33                               text33       1567
__ptext4                                text4        0508
__ptext5                                text5        0E1E
__ptext6                                text6        0AFC
__ptext7                                text7        02EC
__ptext8                                text8        0A97
__ptext9                                text9        0F0B
__size_of_Data_3Digit_Num_Disp_LCD      (abs)        0000
__size_of_Data_Str_Disp_LCD             (abs)        0000
__size_of_E_Go_Fsm_Proc                 (abs)        0000
__size_of_E_Wait_Fsm_Proc               (abs)        0000
__size_of_Goto_XY_LCD_Disp              (abs)        0000
__size_of_LCD_Const_Disp                (abs)        0000
__size_of_LCD_Init                      (abs)        0000
__size_of_LCD_Pulse                     (abs)        0000
__size_of_N_Go_Fsm_Proc                 (abs)        0000
__size_of_N_Wait_Fsm_Proc               (abs)        0000
__size_of_Prescale_Timer1_Calc          (abs)        0000
__size_of_Run_Timer1                    (abs)        0000
__size_of_S_Go_Fsm_Proc                 (abs)        0000
__size_of_S_Wait_Fsm_Proc               (abs)        0000
__size_of_Startup_E_Go_Fsm_Proc         (abs)        0000
__size_of_Startup_E_Wait_Fsm_Proc       (abs)        0000
__size_of_Startup_N_Go_Fsm_Proc         (abs)        0000
__size_of_Startup_N_Wait_Fsm_Proc       (abs)        0000
__size_of_Startup_S_Go_Fsm_Proc         (abs)        0000
__size_of_Startup_S_Wait_Fsm_Proc       (abs)        0000
__size_of_Startup_W_Go_Fsm_Proc         (abs)        0000
__size_of_Startup_W_Wait_Fsm_Proc       (abs)        0000
__size_of_Timer1_Tick                   (abs)        0000
__size_of_Traffic_Fsm                   (abs)        0000
__size_of_Traffic_Init                  (abs)        0000
__size_of_W_Go_Fsm_Proc                 (abs)        0000
__size_of_W_Wait_Fsm_Proc               (abs)        0000
__size_of_Write_LCD_Command             (abs)        0000
__size_of_Write_LCD_Data                (abs)        0000
__size_of___lldiv                       (abs)        0000
__size_of___lwdiv                       (abs)        0000
__size_of___lwmod                       (abs)        0000
__size_of_delay_time                    (abs)        0000
__size_of_main                          (abs)        0000
__stringbase                            strings      1005
__stringtab                             strings      1000
_blank_traffic_disp                     strings      1034
_cur_disp_lcd_loc                       dataBANK0    006C
_cur_e_green_left_secs                  bssBANK0     0036
_cur_e_red_left_secs                    bssBANK0     003A
_cur_e_yellow_left_secs                 bssBANK0     0038
_cur_n_green_left_secs                  bssBANK0     0026
_cur_n_red_left_secs                    bssBANK0     002A
_cur_n_yellow_left_secs                 bssBANK0     0028
_cur_s_green_left_secs                  bssBANK0     0020
_cur_s_red_left_secs                    bssBANK0     0024
_cur_s_yellow_left_secs                 bssBANK0     0022
_cur_w_green_left_secs                  bssBANK0     002E
_cur_w_red_left_secs                    bssBANK0     0032
_cur_w_yellow_left_secs                 bssBANK0     0030
_delay_time                             text33       1567
_e_green_duration                       dataBANK0    0068
_each_fsmstate_secs                     bssBANK0     003E
_east_disp                              strings      1044
_error_traffic_disp                     strings      1036
_green_disp                             strings      101B
_led_on_disp                            strings      102D
_level0_traffic_disp                    strings      103C
_level1_traffic_disp                    strings      103A
_level2_traffic_disp                    strings      1038
_main                                   maintext     166B
_n_green_duration                       dataBANK0    0064
_north_disp                             strings      1040
_num_calls                              bssBANK1     00B4
_prescale_shift                         bssBANK0     0040
_prescale_timer1                        dataBANK0    006E
_red_disp                               strings      1024
_s_green_duration                       dataBANK0    0062
_secs_disp                              strings      1031
_south_disp                             strings      103E
_timer1_init                            bssBANK0     003C
_traffic_fsm_state                      dataBANK0    006A
_w_green_duration                       dataBANK0    0066
_west_disp                              strings      1042
_yellow_disp                            strings      1012
btemp                                   (abs)        007E
clear_ram0                              clrtext      1555
delay_time@time_delay                   cstackCOMMON 0070
end_of_initialization                   cinit        07FC
init_fetch0                             inittext     1582
init_ram0                               inittext     1586
intlevel0                               functab      0000
intlevel1                               functab      0000
intlevel2                               functab      0000
intlevel3                               functab      0000
intlevel4                               functab      0000
intlevel5                               functab      0000
reset_vec                               reset_vec    0000
stackhi                                 (abs)        0000
stacklo                                 (abs)        0000
start                                   init         0000
start_initialization                    cinit        07D3
wtemp0                                  (abs)        007E


FUNCTION INFORMATION:

 *************** function _main *****************
 Defined at:
		line 175 in file "timer13.c"
 Parameters:    Size  Location     Type
		None
 Auto vars:     Size  Location     Type
		None
 Return value:  Size  Location     Type
                  1    wreg      void 
 Registers used:
		wreg, fsr0l, fsr0h, status,2, status,0, pclath, cstack
 Tracked objects:
		On entry : 
		On exit  : 
		Unchanged: 
 Data sizes:     COMMON   BANK0   BANK1   BANK3   BANK2
      Params:         0       0       0       0       0
      Locals:         0       0       0       0       0
      Temps:          0       0       0       0       0
      Totals:         0       0       0       0       0
Total ram usage:        0 bytes
 Hardware stack levels required when called:    8
 This function calls:
		_LCD_Const_Disp
		_LCD_Init
		_Run_Timer1
		_Timer1_Tick
		_Traffic_Init
 This function is called by:
		Startup code after reset
 This function uses a non-reentrant model


 *************** function _Traffic_Init *****************
 Defined at:
		line 421 in file "timer13.c"
 Parameters:    Size  Location     Type
  traffic_fsm_    2   30[BANK0 ] unsigned int 
 Auto vars:     Size  Location     Type
		None
 Return value:  Size  Location     Type
                  1    wreg      void 
 Registers used:
		wreg, fsr0l, fsr0h, status,2, status,0, pclath, cstack
 Tracked objects:
		On entry : 
		On exit  : 
		Unchanged: 
 Data sizes:     COMMON   BANK0   BANK1   BANK3   BANK2
      Params:         0       2       0       0       0
      Locals:         0       0       0       0       0
      Temps:          0       0       0       0       0
      Totals:         0       2       0       0       0
Total ram usage:        2 bytes
 Hardware stack levels used:    1
 Hardware stack levels required when called:    6
 This function calls:
		_LCD_Const_Disp
		_Startup_E_Go_Fsm_Proc
		_Startup_E_Wait_Fsm_Proc
		_Startup_N_Go_Fsm_Proc
		_Startup_N_Wait_Fsm_Proc
		_Startup_S_Go_Fsm_Proc
		_Startup_S_Wait_Fsm_Proc
		_Startup_W_Go_Fsm_Proc
		_Startup_W_Wait_Fsm_Proc
		_Write_LCD_Command
 This function is called by:
		_main
 This function uses a non-reentrant model


 *************** function _LCD_Const_Disp *****************
 Defined at:
		line 854 in file "timer13.c"
 Parameters:    Size  Location     Type
		None
 Auto vars:     Size  Location     Type
		None
 Return value:  Size  Location     Type
                  1    wreg      void 
 Registers used:
		wreg, fsr0l, fsr0h, status,2, status,0, pclath, cstack
 Tracked objects:
		On entry : 
		On exit  : 
		Unchanged: 
 Data sizes:     COMMON   BANK0   BANK1   BANK3   BANK2
      Params:         0       0       0       0       0
      Locals:         0       0       0       0       0
      Temps:          0       0       0       0       0
      Totals:         0       0       0       0       0
Total ram usage:        0 bytes
 Hardware stack levels used:    1
 Hardware stack levels required when called:    4
 This function calls:
		_Data_Str_Disp_LCD
		_Goto_XY_LCD_Disp
 This function is called by:
		_main
		_Traffic_Init
 This function uses a non-reentrant model


 *************** function _Timer1_Tick *****************
 Defined at:
		line 895 in file "timer13.c"
 Parameters:    Size  Location     Type
		None
 Auto vars:     Size  Location     Type
		None
 Return value:  Size  Location     Type
                  1    wreg      void 
 Registers used:
		wreg, fsr0l, fsr0h, status,2, status,0, pclath, cstack
 Tracked objects:
		On entry : 
		On exit  : 
		Unchanged: 
 Data sizes:     COMMON   BANK0   BANK1   BANK3   BANK2
      Params:         0       0       0       0       0
      Locals:         0       0       0       0       0
      Temps:          0       2       0       0       0
      Totals:         0       2       0       0       0
Total ram usage:        2 bytes
 Hardware stack levels used:    1
 Hardware stack levels required when called:    7
 This function calls:
		_Traffic_Fsm
		___lwdiv
 This function is called by:
		_main
 This function uses a non-reentrant model


 *************** function _Traffic_Fsm *****************
 Defined at:
		line 200 in file "timer13.c"
 Parameters:    Size  Location     Type
		None
 Auto vars:     Size  Location     Type
		None
 Return value:  Size  Location     Type
                  1    wreg      void 
 Registers used:
		wreg, fsr0l, fsr0h, status,2, status,0, pclath, cstack
 Tracked objects:
		On entry : 
		On exit  : 
		Unchanged: 
 Data sizes:     COMMON   BANK0   BANK1   BANK3   BANK2
      Params:         0       0       0       0       0
      Locals:         0       0       0       0       0
      Temps:          0       0       0       0       0
      Totals:         0       0       0       0       0
Total ram usage:        0 bytes
 Hardware stack levels used:    1
 Hardware stack levels required when called:    6
 This function calls:
		_Data_Str_Disp_LCD
		_E_Go_Fsm_Proc
		_E_Wait_Fsm_Proc
		_Goto_XY_LCD_Disp
		_N_Go_Fsm_Proc
		_N_Wait_Fsm_Proc
		_S_Go_Fsm_Proc
		_S_Wait_Fsm_Proc
		_Startup_E_Go_Fsm_Proc
		_Startup_E_Wait_Fsm_Proc
		_Startup_N_Go_Fsm_Proc
		_Startup_N_Wait_Fsm_Proc
		_Startup_S_Go_Fsm_Proc
		_Startup_S_Wait_Fsm_Proc
		_Startup_W_Go_Fsm_Proc
		_Startup_W_Wait_Fsm_Proc
		_W_Go_Fsm_Proc
		_W_Wait_Fsm_Proc
 This function is called by:
		_Timer1_Tick
 This function uses a non-reentrant model


 *************** function _Startup_W_Wait_Fsm_Proc *****************
 Defined at:
		line 543 in file "timer13.c"
 Parameters:    Size  Location     Type
		None
 Auto vars:     Size  Location     Type
		None
 Return value:  Size  Location     Type
                  1    wreg      void 
 Registers used:
		wreg, fsr0l, fsr0h, status,2, status,0, pclath, cstack
 Tracked objects:
		On entry : 
		On exit  : 
		Unchanged: 
 Data sizes:     COMMON   BANK0   BANK1   BANK3   BANK2
      Params:         0       0       0       0       0
      Locals:         0       0       0       0       0
      Temps:          0       4       0       0       0
      Totals:         0       4       0       0       0
Total ram usage:        4 bytes
 Hardware stack levels used:    1
 Hardware stack levels required when called:    5
 This function calls:
		_Data_Str_Disp_LCD
		_Goto_XY_LCD_Disp
		_W_Wait_Fsm_Proc
 This function is called by:
		_Traffic_Fsm
		_Traffic_Init
 This function uses a non-reentrant model


 *************** function _W_Wait_Fsm_Proc *****************
 Defined at:
		line 744 in file "timer13.c"
 Parameters:    Size  Location     Type
		None
 Auto vars:     Size  Location     Type
		None
 Return value:  Size  Location     Type
                  1    wreg      void 
 Registers used:
		wreg, fsr0l, fsr0h, status,2, status,0, pclath, cstack
 Tracked objects:
		On entry : 
		On exit  : 
		Unchanged: 
 Data sizes:     COMMON   BANK0   BANK1   BANK3   BANK2
      Params:         0       0       0       0       0
      Locals:         0       0       0       0       0
      Temps:          0       0       0       0       0
      Totals:         0       0       0       0       0
Total ram usage:        0 bytes
 Hardware stack levels used:    1
 Hardware stack levels required when called:    4
 This function calls:
		_Data_3Digit_Num_Disp_LCD
		_Goto_XY_LCD_Disp
 This function is called by:
		_Traffic_Fsm
		_Startup_W_Wait_Fsm_Proc
 This function uses a non-reentrant model


 *************** function _Startup_W_Go_Fsm_Proc *****************
 Defined at:
		line 517 in file "timer13.c"
 Parameters:    Size  Location     Type
		None
 Auto vars:     Size  Location     Type
		None
 Return value:  Size  Location     Type
                  1    wreg      void 
 Registers used:
		wreg, fsr0l, fsr0h, status,2, status,0, pclath, cstack
 Tracked objects:
		On entry : 
		On exit  : 
		Unchanged: 
 Data sizes:     COMMON   BANK0   BANK1   BANK3   BANK2
      Params:         0       0       0       0       0
      Locals:         0       0       0       0       0
      Temps:          0       6       0       0       0
      Totals:         0       6       0       0       0
Total ram usage:        6 bytes
 Hardware stack levels used:    1
 Hardware stack levels required when called:    5
 This function calls:
		_Data_Str_Disp_LCD
		_Goto_XY_LCD_Disp
		_W_Go_Fsm_Proc
 This function is called by:
		_Traffic_Fsm
		_Traffic_Init
 This function uses a non-reentrant model


 *************** function _W_Go_Fsm_Proc *****************
 Defined at:
		line 723 in file "timer13.c"
 Parameters:    Size  Location     Type
		None
 Auto vars:     Size  Location     Type
		None
 Return value:  Size  Location     Type
                  1    wreg      void 
 Registers used:
		wreg, fsr0l, fsr0h, status,2, status,0, pclath, cstack
 Tracked objects:
		On entry : 
		On exit  : 
		Unchanged: 
 Data sizes:     COMMON   BANK0   BANK1   BANK3   BANK2
      Params:         0       0       0       0       0
      Locals:         0       0       0       0       0
      Temps:          0       0       0       0       0
      Totals:         0       0       0       0       0
Total ram usage:        0 bytes
 Hardware stack levels used:    1
 Hardware stack levels required when called:    4
 This function calls:
		_Data_3Digit_Num_Disp_LCD
		_Goto_XY_LCD_Disp
 This function is called by:
		_Traffic_Fsm
		_Startup_W_Go_Fsm_Proc
 This function uses a non-reentrant model


 *************** function _Startup_S_Wait_Fsm_Proc *****************
 Defined at:
		line 651 in file "timer13.c"
 Parameters:    Size  Location     Type
		None
 Auto vars:     Size  Location     Type
		None
 Return value:  Size  Location     Type
                  1    wreg      void 
 Registers used:
		wreg, fsr0l, fsr0h, status,2, status,0, pclath, cstack
 Tracked objects:
		On entry : 
		On exit  : 
		Unchanged: 
 Data sizes:     COMMON   BANK0   BANK1   BANK3   BANK2
      Params:         0       0       0       0       0
      Locals:         0       0       0       0       0
      Temps:          0       4       0       0       0
      Totals:         0       4       0       0       0
Total ram usage:        4 bytes
 Hardware stack levels used:    1
 Hardware stack levels required when called:    5
 This function calls:
		_Data_Str_Disp_LCD
		_Goto_XY_LCD_Disp
		_S_Wait_Fsm_Proc
 This function is called by:
		_Traffic_Fsm
		_Traffic_Init
 This function uses a non-reentrant model


 *************** function _S_Wait_Fsm_Proc *****************
 Defined at:
		line 832 in file "timer13.c"
 Parameters:    Size  Location     Type
		None
 Auto vars:     Size  Location     Type
		None
 Return value:  Size  Location     Type
                  1    wreg      void 
 Registers used:
		wreg, fsr0l, fsr0h, status,2, status,0, pclath, cstack
 Tracked objects:
		On entry : 
		On exit  : 
		Unchanged: 
 Data sizes:     COMMON   BANK0   BANK1   BANK3   BANK2
      Params:         0       0       0       0       0
      Locals:         0       0       0       0       0
      Temps:          0       0       0       0       0
      Totals:         0       0       0       0       0
Total ram usage:        0 bytes
 Hardware stack levels used:    1
 Hardware stack levels required when called:    4
 This function calls:
		_Data_3Digit_Num_Disp_LCD
		_Goto_XY_LCD_Disp
 This function is called by:
		_Traffic_Fsm
		_Startup_S_Wait_Fsm_Proc
 This function uses a non-reentrant model


 *************** function _Startup_S_Go_Fsm_Proc *****************
 Defined at:
		line 625 in file "timer13.c"
 Parameters:    Size  Location     Type
		None
 Auto vars:     Size  Location     Type
		None
 Return value:  Size  Location     Type
                  1    wreg      void 
 Registers used:
		wreg, fsr0l, fsr0h, status,2, status,0, pclath, cstack
 Tracked objects:
		On entry : 
		On exit  : 
		Unchanged: 
 Data sizes:     COMMON   BANK0   BANK1   BANK3   BANK2
      Params:         0       0       0       0       0
      Locals:         0       0       0       0       0
      Temps:          0       6       0       0       0
      Totals:         0       6       0       0       0
Total ram usage:        6 bytes
 Hardware stack levels used:    1
 Hardware stack levels required when called:    5
 This function calls:
		_Data_Str_Disp_LCD
		_Goto_XY_LCD_Disp
		_S_Go_Fsm_Proc
 This function is called by:
		_Traffic_Fsm
		_Traffic_Init
 This function uses a non-reentrant model


 *************** function _S_Go_Fsm_Proc *****************
 Defined at:
		line 810 in file "timer13.c"
 Parameters:    Size  Location     Type
		None
 Auto vars:     Size  Location     Type
		None
 Return value:  Size  Location     Type
                  1    wreg      void 
 Registers used:
		wreg, fsr0l, fsr0h, status,2, status,0, pclath, cstack
 Tracked objects:
		On entry : 
		On exit  : 
		Unchanged: 
 Data sizes:     COMMON   BANK0   BANK1   BANK3   BANK2
      Params:         0       0       0       0       0
      Locals:         0       0       0       0       0
      Temps:          0       0       0       0       0
      Totals:         0       0       0       0       0
Total ram usage:        0 bytes
 Hardware stack levels used:    1
 Hardware stack levels required when called:    4
 This function calls:
		_Data_3Digit_Num_Disp_LCD
		_Goto_XY_LCD_Disp
 This function is called by:
		_Traffic_Fsm
		_Startup_S_Go_Fsm_Proc
 This function uses a non-reentrant model


 *************** function _Startup_N_Wait_Fsm_Proc *****************
 Defined at:
		line 596 in file "timer13.c"
 Parameters:    Size  Location     Type
		None
 Auto vars:     Size  Location     Type
		None
 Return value:  Size  Location     Type
                  1    wreg      void 
 Registers used:
		wreg, fsr0l, fsr0h, status,2, status,0, pclath, cstack
 Tracked objects:
		On entry : 
		On exit  : 
		Unchanged: 
 Data sizes:     COMMON   BANK0   BANK1   BANK3   BANK2
      Params:         0       0       0       0       0
      Locals:         0       0       0       0       0
      Temps:          0       4       0       0       0
      Totals:         0       4       0       0       0
Total ram usage:        4 bytes
 Hardware stack levels used:    1
 Hardware stack levels required when called:    5
 This function calls:
		_Data_Str_Disp_LCD
		_Goto_XY_LCD_Disp
		_N_Wait_Fsm_Proc
 This function is called by:
		_Traffic_Fsm
		_Traffic_Init
 This function uses a non-reentrant model


 *************** function _N_Wait_Fsm_Proc *****************
 Defined at:
		line 787 in file "timer13.c"
 Parameters:    Size  Location     Type
		None
 Auto vars:     Size  Location     Type
		None
 Return value:  Size  Location     Type
                  1    wreg      void 
 Registers used:
		wreg, fsr0l, fsr0h, status,2, status,0, pclath, cstack
 Tracked objects:
		On entry : 
		On exit  : 
		Unchanged: 
 Data sizes:     COMMON   BANK0   BANK1   BANK3   BANK2
      Params:         0       0       0       0       0
      Locals:         0       0       0       0       0
      Temps:          0       0       0       0       0
      Totals:         0       0       0       0       0
Total ram usage:        0 bytes
 Hardware stack levels used:    1
 Hardware stack levels required when called:    4
 This function calls:
		_Data_3Digit_Num_Disp_LCD
		_Goto_XY_LCD_Disp
 This function is called by:
		_Traffic_Fsm
		_Startup_N_Wait_Fsm_Proc
 This function uses a non-reentrant model


 *************** function _Startup_N_Go_Fsm_Proc *****************
 Defined at:
		line 571 in file "timer13.c"
 Parameters:    Size  Location     Type
		None
 Auto vars:     Size  Location     Type
		None
 Return value:  Size  Location     Type
                  1    wreg      void 
 Registers used:
		wreg, fsr0l, fsr0h, status,2, status,0, pclath, cstack
 Tracked objects:
		On entry : 
		On exit  : 
		Unchanged: 
 Data sizes:     COMMON   BANK0   BANK1   BANK3   BANK2
      Params:         0       0       0       0       0
      Locals:         0       0       0       0       0
      Temps:          0       6       0       0       0
      Totals:         0       6       0       0       0
Total ram usage:        6 bytes
 Hardware stack levels used:    1
 Hardware stack levels required when called:    5
 This function calls:
		_Data_Str_Disp_LCD
		_Goto_XY_LCD_Disp
		_N_Go_Fsm_Proc
 This function is called by:
		_Traffic_Fsm
		_Traffic_Init
 This function uses a non-reentrant model


 *************** function _N_Go_Fsm_Proc *****************
 Defined at:
		line 764 in file "timer13.c"
 Parameters:    Size  Location     Type
		None
 Auto vars:     Size  Location     Type
		None
 Return value:  Size  Location     Type
                  1    wreg      void 
 Registers used:
		wreg, fsr0l, fsr0h, status,2, status,0, pclath, cstack
 Tracked objects:
		On entry : 
		On exit  : 
		Unchanged: 
 Data sizes:     COMMON   BANK0   BANK1   BANK3   BANK2
      Params:         0       0       0       0       0
      Locals:         0       0       0       0       0
      Temps:          0       0       0       0       0
      Totals:         0       0       0       0       0
Total ram usage:        0 bytes
 Hardware stack levels used:    1
 Hardware stack levels required when called:    4
 This function calls:
		_Data_3Digit_Num_Disp_LCD
		_Goto_XY_LCD_Disp
 This function is called by:
		_Traffic_Fsm
		_Startup_N_Go_Fsm_Proc
 This function uses a non-reentrant model


 *************** function _Startup_E_Wait_Fsm_Proc *****************
 Defined at:
		line 489 in file "timer13.c"
 Parameters:    Size  Location     Type
		None
 Auto vars:     Size  Location     Type
		None
 Return value:  Size  Location     Type
                  1    wreg      void 
 Registers used:
		wreg, fsr0l, fsr0h, status,2, status,0, pclath, cstack
 Tracked objects:
		On entry : 
		On exit  : 
		Unchanged: 
 Data sizes:     COMMON   BANK0   BANK1   BANK3   BANK2
      Params:         0       0       0       0       0
      Locals:         0       0       0       0       0
      Temps:          0       4       0       0       0
      Totals:         0       4       0       0       0
Total ram usage:        4 bytes
 Hardware stack levels used:    1
 Hardware stack levels required when called:    5
 This function calls:
		_Data_Str_Disp_LCD
		_E_Wait_Fsm_Proc
		_Goto_XY_LCD_Disp
 This function is called by:
		_Traffic_Fsm
		_Traffic_Init
 This function uses a non-reentrant model


 *************** function _E_Wait_Fsm_Proc *****************
 Defined at:
		line 701 in file "timer13.c"
 Parameters:    Size  Location     Type
		None
 Auto vars:     Size  Location     Type
		None
 Return value:  Size  Location     Type
                  1    wreg      void 
 Registers used:
		wreg, fsr0l, fsr0h, status,2, status,0, pclath, cstack
 Tracked objects:
		On entry : 
		On exit  : 
		Unchanged: 
 Data sizes:     COMMON   BANK0   BANK1   BANK3   BANK2
      Params:         0       0       0       0       0
      Locals:         0       0       0       0       0
      Temps:          0       0       0       0       0
      Totals:         0       0       0       0       0
Total ram usage:        0 bytes
 Hardware stack levels used:    1
 Hardware stack levels required when called:    4
 This function calls:
		_Data_3Digit_Num_Disp_LCD
		_Goto_XY_LCD_Disp
 This function is called by:
		_Traffic_Fsm
		_Startup_E_Wait_Fsm_Proc
 This function uses a non-reentrant model


 *************** function _Startup_E_Go_Fsm_Proc *****************
 Defined at:
		line 463 in file "timer13.c"
 Parameters:    Size  Location     Type
		None
 Auto vars:     Size  Location     Type
		None
 Return value:  Size  Location     Type
                  1    wreg      void 
 Registers used:
		wreg, fsr0l, fsr0h, status,2, status,0, pclath, cstack
 Tracked objects:
		On entry : 
		On exit  : 
		Unchanged: 
 Data sizes:     COMMON   BANK0   BANK1   BANK3   BANK2
      Params:         0       0       0       0       0
      Locals:         0       0       0       0       0
      Temps:          0       6       0       0       0
      Totals:         0       6       0       0       0
Total ram usage:        6 bytes
 Hardware stack levels used:    1
 Hardware stack levels required when called:    5
 This function calls:
		_Data_Str_Disp_LCD
		_E_Go_Fsm_Proc
		_Goto_XY_LCD_Disp
 This function is called by:
		_Traffic_Fsm
		_Traffic_Init
 This function uses a non-reentrant model


 *************** function _E_Go_Fsm_Proc *****************
 Defined at:
		line 680 in file "timer13.c"
 Parameters:    Size  Location     Type
		None
 Auto vars:     Size  Location     Type
		None
 Return value:  Size  Location     Type
                  1    wreg      void 
 Registers used:
		wreg, fsr0l, fsr0h, status,2, status,0, pclath, cstack
 Tracked objects:
		On entry : 
		On exit  : 
		Unchanged: 
 Data sizes:     COMMON   BANK0   BANK1   BANK3   BANK2
      Params:         0       0       0       0       0
      Locals:         0       0       0       0       0
      Temps:          0       0       0       0       0
      Totals:         0       0       0       0       0
Total ram usage:        0 bytes
 Hardware stack levels used:    1
 Hardware stack levels required when called:    4
 This function calls:
		_Data_3Digit_Num_Disp_LCD
		_Goto_XY_LCD_Disp
 This function is called by:
		_Traffic_Fsm
		_Startup_E_Go_Fsm_Proc
 This function uses a non-reentrant model


 *************** function _Goto_XY_LCD_Disp *****************
 Defined at:
		line 988 in file "timer13.c"
 Parameters:    Size  Location     Type
  line_num        2    4[COMMON] const unsigned int 
  col_num         2    6[COMMON] const unsigned int 
 Auto vars:     Size  Location     Type
  line_lcd        2   10[COMMON] unsigned int 
  col_lcd         2    8[COMMON] unsigned int 
 Return value:  Size  Location     Type
                  1    wreg      void 
 Registers used:
		wreg, status,2, status,0, pclath, cstack
 Tracked objects:
		On entry : 
		On exit  : 
		Unchanged: 
 Data sizes:     COMMON   BANK0   BANK1   BANK3   BANK2
      Params:         4       0       0       0       0
      Locals:         4       0       0       0       0
      Temps:          0       0       0       0       0
      Totals:         8       0       0       0       0
Total ram usage:        8 bytes
 Hardware stack levels used:    1
 Hardware stack levels required when called:    3
 This function calls:
		_Write_LCD_Command
 This function is called by:
		_Traffic_Fsm
		_Startup_E_Go_Fsm_Proc
		_Startup_E_Wait_Fsm_Proc
		_Startup_W_Go_Fsm_Proc
		_Startup_W_Wait_Fsm_Proc
		_Startup_N_Go_Fsm_Proc
		_Startup_N_Wait_Fsm_Proc
		_Startup_S_Go_Fsm_Proc
		_Startup_S_Wait_Fsm_Proc
		_E_Go_Fsm_Proc
		_E_Wait_Fsm_Proc
		_W_Go_Fsm_Proc
		_W_Wait_Fsm_Proc
		_N_Go_Fsm_Proc
		_N_Wait_Fsm_Proc
		_S_Go_Fsm_Proc
		_S_Wait_Fsm_Proc
		_LCD_Const_Disp
 This function uses a non-reentrant model


 *************** function _Data_3Digit_Num_Disp_LCD *****************
 Defined at:
		line 959 in file "timer13.c"
 Parameters:    Size  Location     Type
  data_int        2    0[BANK0 ] const unsigned int 
 Auto vars:     Size  Location     Type
  num_data       10    6[BANK0 ] unsigned char [10]
  num             2   22[BANK0 ] unsigned int 
  unit_digit      2   20[BANK0 ] unsigned int 
  tens_digit      2   18[BANK0 ] unsigned int 
  hundreds_dig    2   16[BANK0 ] unsigned int 
 Return value:  Size  Location     Type
                  1    wreg      void 
 Registers used:
		wreg, fsr0l, fsr0h, status,2, status,0, pclath, cstack
 Tracked objects:
		On entry : 
		On exit  : 
		Unchanged: 
 Data sizes:     COMMON   BANK0   BANK1   BANK3   BANK2
      Params:         0       2       0       0       0
      Locals:         0      18       0       0       0
      Temps:          0       4       0       0       0
      Totals:         0      24       0       0       0
Total ram usage:       24 bytes
 Hardware stack levels used:    1
 Hardware stack levels required when called:    3
 This function calls:
		_Write_LCD_Data
		___lldiv
		___lwdiv
		___lwmod
 This function is called by:
		_E_Go_Fsm_Proc
		_E_Wait_Fsm_Proc
		_W_Go_Fsm_Proc
		_W_Wait_Fsm_Proc
		_N_Go_Fsm_Proc
		_N_Wait_Fsm_Proc
		_S_Go_Fsm_Proc
		_S_Wait_Fsm_Proc
 This function uses a non-reentrant model


 *************** function ___lwmod *****************
 Defined at:
		line 6 in file "C:\Program Files (x86)\Microchip\xc8\v1.44\sources\common\lwmod.c"
 Parameters:    Size  Location     Type
  divisor         2    0[COMMON] unsigned int 
  dividend        2    2[COMMON] unsigned int 
 Auto vars:     Size  Location     Type
  counter         1    5[COMMON] unsigned char 
 Return value:  Size  Location     Type
                  2    0[COMMON] unsigned int 
 Registers used:
		wreg, status,2, status,0
 Tracked objects:
		On entry : 
		On exit  : 
		Unchanged: 
 Data sizes:     COMMON   BANK0   BANK1   BANK3   BANK2
      Params:         4       0       0       0       0
      Locals:         1       0       0       0       0
      Temps:          1       0       0       0       0
      Totals:         6       0       0       0       0
Total ram usage:        6 bytes
 Hardware stack levels used:    1
 This function calls:
		Nothing
 This function is called by:
		_Data_3Digit_Num_Disp_LCD
		_Data_2Digit_Num_Disp
 This function uses a non-reentrant model


 *************** function ___lldiv *****************
 Defined at:
		line 6 in file "C:\Program Files (x86)\Microchip\xc8\v1.44\sources\common\lldiv.c"
 Parameters:    Size  Location     Type
  divisor         4    0[COMMON] unsigned long 
  dividend        4    4[COMMON] unsigned long 
 Auto vars:     Size  Location     Type
  quotient        4    9[COMMON] unsigned long 
  counter         1   13[COMMON] unsigned char 
 Return value:  Size  Location     Type
                  4    0[COMMON] unsigned long 
 Registers used:
		wreg, status,2, status,0
 Tracked objects:
		On entry : 
		On exit  : 
		Unchanged: 
 Data sizes:     COMMON   BANK0   BANK1   BANK3   BANK2
      Params:         8       0       0       0       0
      Locals:         5       0       0       0       0
      Temps:          1       0       0       0       0
      Totals:        14       0       0       0       0
Total ram usage:       14 bytes
 Hardware stack levels used:    1
 This function calls:
		Nothing
 This function is called by:
		_Data_3Digit_Num_Disp_LCD
 This function uses a non-reentrant model


 *************** function _Data_Str_Disp_LCD *****************
 Defined at:
		line 952 in file "timer13.c"
 Parameters:    Size  Location     Type
  char_ptr        1    wreg     PTR const unsigned char 
		 -> south_disp(2), north_disp(2), west_disp(2), secs_disp(3), 
		 -> led_on_disp(4), east_disp(2), yellow_disp(9), blank_traffic_disp(2), 
		 -> red_disp(9), green_disp(9), error_traffic_disp(2), level0_traffic_disp(2), 
		 -> level1_traffic_disp(2), level2_traffic_disp(2), 
 Auto vars:     Size  Location     Type
  char_ptr        1    4[COMMON] PTR const unsigned char 
		 -> south_disp(2), north_disp(2), west_disp(2), secs_disp(3), 
		 -> led_on_disp(4), east_disp(2), yellow_disp(9), blank_traffic_disp(2), 
		 -> red_disp(9), green_disp(9), error_traffic_disp(2), level0_traffic_disp(2), 
		 -> level1_traffic_disp(2), level2_traffic_disp(2), 
 Return value:  Size  Location     Type
                  1    wreg      void 
 Registers used:
		wreg, fsr0l, fsr0h, status,2, status,0, pclath, cstack
 Tracked objects:
		On entry : 
		On exit  : 
		Unchanged: 
 Data sizes:     COMMON   BANK0   BANK1   BANK3   BANK2
      Params:         0       0       0       0       0
      Locals:         1       0       0       0       0
      Temps:          1       0       0       0       0
      Totals:         2       0       0       0       0
Total ram usage:        2 bytes
 Hardware stack levels used:    1
 Hardware stack levels required when called:    3
 This function calls:
		_Write_LCD_Data
 This function is called by:
		_Traffic_Fsm
		_Startup_E_Go_Fsm_Proc
		_Startup_E_Wait_Fsm_Proc
		_Startup_W_Go_Fsm_Proc
		_Startup_W_Wait_Fsm_Proc
		_Startup_N_Go_Fsm_Proc
		_Startup_N_Wait_Fsm_Proc
		_Startup_S_Go_Fsm_Proc
		_Startup_S_Wait_Fsm_Proc
		_LCD_Const_Disp
 This function uses a non-reentrant model


 *************** function _Write_LCD_Data *****************
 Defined at:
		line 945 in file "timer13.c"
 Parameters:    Size  Location     Type
  ch              1    wreg     const unsigned char 
 Auto vars:     Size  Location     Type
  ch              1    2[COMMON] const unsigned char 
 Return value:  Size  Location     Type
                  1    wreg      void 
 Registers used:
		wreg, status,2, status,0, pclath, cstack
 Tracked objects:
		On entry : 
		On exit  : 
		Unchanged: 
 Data sizes:     COMMON   BANK0   BANK1   BANK3   BANK2
      Params:         0       0       0       0       0
      Locals:         1       0       0       0       0
      Temps:          0       0       0       0       0
      Totals:         1       0       0       0       0
Total ram usage:        1 bytes
 Hardware stack levels used:    1
 Hardware stack levels required when called:    2
 This function calls:
		_LCD_Pulse
 This function is called by:
		_Data_Str_Disp_LCD
		_Data_3Digit_Num_Disp_LCD
		_Data_2Digit_Num_Disp
 This function uses a non-reentrant model


 *************** function _Run_Timer1 *****************
 Defined at:
		line 884 in file "timer13.c"
 Parameters:    Size  Location     Type
		None
 Auto vars:     Size  Location     Type
		None
 Return value:  Size  Location     Type
                  1    wreg      void 
 Registers used:
		wreg, status,2, status,0, pclath, cstack
 Tracked objects:
		On entry : 
		On exit  : 
		Unchanged: 
 Data sizes:     COMMON   BANK0   BANK1   BANK3   BANK2
      Params:         0       0       0       0       0
      Locals:         0       0       0       0       0
      Temps:          2       0       0       0       0
      Totals:         2       0       0       0       0
Total ram usage:        2 bytes
 Hardware stack levels used:    1
 Hardware stack levels required when called:    1
 This function calls:
		_Prescale_Timer1_Calc
		___lwdiv
 This function is called by:
		_main
 This function uses a non-reentrant model


 *************** function ___lwdiv *****************
 Defined at:
		line 6 in file "C:\Program Files (x86)\Microchip\xc8\v1.44\sources\common\lwdiv.c"
 Parameters:    Size  Location     Type
  divisor         2    0[COMMON] unsigned int 
  dividend        2    2[COMMON] unsigned int 
 Auto vars:     Size  Location     Type
  quotient        2    5[COMMON] unsigned int 
  counter         1    7[COMMON] unsigned char 
 Return value:  Size  Location     Type
                  2    0[COMMON] unsigned int 
 Registers used:
		wreg, status,2, status,0
 Tracked objects:
		On entry : 
		On exit  : 
		Unchanged: 
 Data sizes:     COMMON   BANK0   BANK1   BANK3   BANK2
      Params:         4       0       0       0       0
      Locals:         3       0       0       0       0
      Temps:          1       0       0       0       0
      Totals:         8       0       0       0       0
Total ram usage:        8 bytes
 Hardware stack levels used:    1
 This function calls:
		Nothing
 This function is called by:
		_Run_Timer1
		_Timer1_Tick
		_Data_3Digit_Num_Disp_LCD
		_Data_2Digit_Num_Disp
 This function uses a non-reentrant model


 *************** function _Prescale_Timer1_Calc *****************
 Defined at:
		line 908 in file "timer13.c"
 Parameters:    Size  Location     Type
		None
 Auto vars:     Size  Location     Type
		None
 Return value:  Size  Location     Type
                  1    wreg      void 
 Registers used:
		wreg, status,2, status,0
 Tracked objects:
		On entry : 
		On exit  : 
		Unchanged: 
 Data sizes:     COMMON   BANK0   BANK1   BANK3   BANK2
      Params:         0       0       0       0       0
      Locals:         0       0       0       0       0
      Temps:          3       0       0       0       0
      Totals:         3       0       0       0       0
Total ram usage:        3 bytes
 Hardware stack levels used:    1
 This function calls:
		Nothing
 This function is called by:
		_Run_Timer1
 This function uses a non-reentrant model


 *************** function _LCD_Init *****************
 Defined at:
		line 920 in file "timer13.c"
 Parameters:    Size  Location     Type
		None
 Auto vars:     Size  Location     Type
		None
 Return value:  Size  Location     Type
                  1    wreg      void 
 Registers used:
		wreg, status,2, status,0, pclath, cstack
 Tracked objects:
		On entry : 
		On exit  : 
		Unchanged: 
 Data sizes:     COMMON   BANK0   BANK1   BANK3   BANK2
      Params:         0       0       0       0       0
      Locals:         0       0       0       0       0
      Temps:          0       0       0       0       0
      Totals:         0       0       0       0       0
Total ram usage:        0 bytes
 Hardware stack levels used:    1
 Hardware stack levels required when called:    3
 This function calls:
		_Write_LCD_Command
 This function is called by:
		_main
 This function uses a non-reentrant model


 *************** function _Write_LCD_Command *****************
 Defined at:
		line 938 in file "timer13.c"
 Parameters:    Size  Location     Type
  cmd             2    2[COMMON] const unsigned int 
 Auto vars:     Size  Location     Type
		None
 Return value:  Size  Location     Type
                  1    wreg      void 
 Registers used:
		wreg, status,2, status,0, pclath, cstack
 Tracked objects:
		On entry : 
		On exit  : 
		Unchanged: 
 Data sizes:     COMMON   BANK0   BANK1   BANK3   BANK2
      Params:         2       0       0       0       0
      Locals:         0       0       0       0       0
      Temps:          0       0       0       0       0
      Totals:         2       0       0       0       0
Total ram usage:        2 bytes
 Hardware stack levels used:    1
 Hardware stack levels required when called:    2
 This function calls:
		_LCD_Pulse
 This function is called by:
		_Traffic_Init
		_LCD_Init
		_Goto_XY_LCD_Disp
 This function uses a non-reentrant model


 *************** function _LCD_Pulse *****************
 Defined at:
		line 931 in file "timer13.c"
 Parameters:    Size  Location     Type
		None
 Auto vars:     Size  Location     Type
		None
 Return value:  Size  Location     Type
                  1    wreg      void 
 Registers used:
		wreg, status,2, status,0, pclath, cstack
 Tracked objects:
		On entry : 
		On exit  : 
		Unchanged: 
 Data sizes:     COMMON   BANK0   BANK1   BANK3   BANK2
      Params:         0       0       0       0       0
      Locals:         0       0       0       0       0
      Temps:          0       0       0       0       0
      Totals:         0       0       0       0       0
Total ram usage:        0 bytes
 Hardware stack levels used:    1
 Hardware stack levels required when called:    1
 This function calls:
		_delay_time
 This function is called by:
		_Write_LCD_Command
		_Write_LCD_Data
 This function uses a non-reentrant model


 *************** function _delay_time *****************
 Defined at:
		line 984 in file "timer13.c"
 Parameters:    Size  Location     Type
  time_delay      2    0[COMMON] unsigned int 
 Auto vars:     Size  Location     Type
		None
 Return value:  Size  Location     Type
                  1    wreg      void 
 Registers used:
		wreg, status,2, status,0
 Tracked objects:
		On entry : 
		On exit  : 
		Unchanged: 
 Data sizes:     COMMON   BANK0   BANK1   BANK3   BANK2
      Params:         2       0       0       0       0
      Locals:         0       0       0       0       0
      Temps:          0       0       0       0       0
      Totals:         2       0       0       0       0
Total ram usage:        2 bytes
 Hardware stack levels used:    1
 This function calls:
		Nothing
 This function is called by:
		_LCD_Pulse
 This function uses a non-reentrant model



MODULE INFORMATION

Module		Function		Class		Link	Load	Size
timer13.c
		_Startup_E_Go_Fsm_Proc		CODE           	00D8	0000	267
		_Startup_N_Go_Fsm_Proc		CODE           	03F6	0000	275
		_Startup_S_Go_Fsm_Proc		CODE           	01E2	0000	267
		_Startup_W_Go_Fsm_Proc		CODE           	02EC	0000	267
		_Startup_E_Wait_Fsm_Proc		CODE           	0C44	0000	238
		_Startup_N_Wait_Fsm_Proc		CODE           	0D31	0000	238
		_Startup_S_Wait_Fsm_Proc		CODE           	0F0B	0000	246
		_Startup_W_Wait_Fsm_Proc		CODE           	0E1E	0000	238
		_LCD_Init      		CODE           	162D	0000	63
		_LCD_Const_Disp		CODE           	0B61	0000	228
		_Data_3Digit_Num_Disp_LCD		CODE           	003B	0000	158
		_E_Go_Fsm_Proc 		CODE           	0839	0000	102
		_Traffic_Fsm   		CODE           	0508	0000	716
		_Prescale_Timer1_Calc		CODE           	15BE	0000	24
		_Traffic_Init  		CODE           	1747	0000	92
		_N_Go_Fsm_Proc 		CODE           	0903	0000	102
		_S_Go_Fsm_Proc 		CODE           	09CD	0000	102
		_main          		CODE           	166B	0000	67
		_W_Go_Fsm_Proc 		CODE           	0A97	0000	102
		_Timer1_Tick   		CODE           	16F7	0000	81
		_Data_Str_Disp_LCD		CODE           	15D5	0000	29
		_Write_LCD_Command		CODE           	155D	0000	11
		_Write_LCD_Data		CODE           	0800	0000	12
		_delay_time    		CODE           	1567	0000	14
		_LCD_Pulse     		CODE           	15A7	0000	24
		_Goto_XY_LCD_Disp		CODE           	16AD	0000	75
		_E_Wait_Fsm_Proc		CODE           	089E	0000	102
		_N_Wait_Fsm_Proc		CODE           	0968	0000	102
		_Run_Timer1    		CODE           	080B	0000	47
		_S_Wait_Fsm_Proc		CODE           	0A32	0000	102
		_W_Wait_Fsm_Proc		CODE           	0AFC	0000	102

timer13.c estimated size: 4493

C:\Program Files (x86)\Microchip\xc8\v1.44\sources\common\lwmod.c
		___lwmod       		CODE           	0009	0000	51

C:\Program Files (x86)\Microchip\xc8\v1.44\sources\common\lwmod.c estimated size: 51

C:\Program Files (x86)\Microchip\xc8\v1.44\sources\common\lwdiv.c
		___lwdiv       		CODE           	15F1	0000	61

C:\Program Files (x86)\Microchip\xc8\v1.44\sources\common\lwdiv.c estimated size: 61

C:\Program Files (x86)\Microchip\xc8\v1.44\sources\common\lldiv.c
		___lldiv       		CODE           	17A2	0000	95

C:\Program Files (x86)\Microchip\xc8\v1.44\sources\common\lldiv.c estimated size: 95

shared
		_green_disp    		STRING         	101B	0000	10
		_south_disp    		STRING         	103E	0000	3
		_level0_traffic_disp		STRING         	103C	0000	3
		__stringtab    		STRING         	1000	0000	7
		_east_disp     		STRING         	1044	0000	3
		_led_on_disp   		STRING         	102D	0000	5
		_led_off_disp  		STRING         	0000	0000	0
		_red_disp      		STRING         	1024	0000	10
		_west_disp     		STRING         	1042	0000	3
		_level1_traffic_disp		STRING         	103A	0000	3
		__initialization		CODE           	07D3	0000	42
		_secs_disp     		STRING         	1031	0000	4
		_blank_traffic_disp		STRING         	1034	0000	3
		_level2_traffic_disp		STRING         	1038	0000	3
		_green_right_disp		STRING         	0000	0000	0
		_error_traffic_disp		STRING         	1036	0000	3
		_yellow_disp   		STRING         	1012	0000	10
		_north_disp    		STRING         	1040	0000	3

shared estimated size: 115

